This is pdfTeX, Version 3.14159265-2.6-1.40.20 (TeX Live 2019/Debian) (preloaded format=pdflatex 2024.8.22)  1 NOV 2025 16:28
entering extended mode
 restricted \write18 enabled.
 file:line:error style messages enabled.
 %&-line parsing enabled.
**/home/marcone/Dropbox/IFAC2026/IFAC_main.tex
(/home/marcone/Dropbox/IFAC2026/IFAC_main.tex
LaTeX2e <2020-02-02> patch level 2
L3 programming layer <2020-02-14> (/home/marcone/Dropbox/IFAC2026/ifacconf.cls
Document Class: ifacconf 2022/02/11, 1.3: IFAC-PapersOnline

\@frontmatterwidth=\dimen134
\@bls=\dimen135
\eqntopsep=\skip47
\eqnarraycolsep=\dimen136
\labelwidthi=\dimen137
\labelwidthii=\dimen138
\labelwidthiii=\dimen139
\labelwidthiv=\dimen140
\@maxlistdepth=\count167
\eqnbaselineskip=\skip48
\eqnlineskip=\skip49
\mathindent=\dimen141
\rulepreskip=\dimen142
\rulepostskip=\dimen143
\Arrayrulewidth=\dimen144
\crulepostskip=\dimen145
\@Ldec=\dimen146
\@Rdec=\dimen147
\@Lpmdec=\dimen148
\@Rpmdec=\dimen149
\c@section=\count168
\c@subsection=\count169
\c@subsubsection=\count170
\c@paragraph=\count171
\c@subparagraph=\count172
(/usr/share/texlive/texmf-dist/tex/latex/tools/theorem.sty
Package: theorem 2014/10/28 v2.2c Theorem extension package (FMi)
\theorem@style=\toks14
\theorem@bodyfont=\toks15
\theorempreskipamount=\skip50
\theorempostskipamount=\skip51
 (/usr/share/texlive/texmf-dist/tex/latex/tools/thp.sty
File: thp.sty 2014/10/28 v2.2c Theorem extension package (FMi)
)) (/usr/share/texlive/texmf-dist/tex/latex/base/newlfont.sty
Package: newlfont 1998/08/17 v2.2m Standard LaTeX package
LaTeX Info: Redefining \em on input line 57.
 (/usr/share/texlive/texmf-dist/tex/latex/base/latexsym.sty
Package: latexsym 1998/08/17 v2.2e Standard LaTeX package (lasy symbols)
\symlasy=\mathgroup4
LaTeX Font Info:    Overwriting symbol font `lasy' in version `bold'
(Font)                  U/lasy/m/n --> U/lasy/b/n on input line 52.
))
LaTeX Info: Redefining \rm on input line 596.
LaTeX Info: Redefining \sf on input line 597.
LaTeX Info: Redefining \tt on input line 598.
LaTeX Info: Redefining \bf on input line 599.
LaTeX Info: Redefining \it on input line 600.
LaTeX Info: Redefining \sl on input line 601.
LaTeX Info: Redefining \sc on input line 602.
\c@thm=\count173
\c@alg=\count174
\c@algorithm=\count175
\c@note=\count176
\c@summ=\count177
\c@case=\count178
\@tempcntc=\count179
\c@figure=\count180
\c@table=\count181
\t@glob@notes=\toks16
\t@loc@notes=\toks17
\note@cnt=\count182
\c@author=\count183
\n@author=\count184
\c@collab=\count185
\n@collab=\count186
\c@address=\count187
\sv@mathsurround=\dimen150
\sv@hyphenpenalty=\count188
\prev@elem=\count189
\cur@elem=\count190
\fm@box=\box45
\fm@size=\dimen151
\t@abstract=\box46
\t@keyword=\box47
\rep@mod=\count191
\t@xtheight=\dimen152
\@logoheight=\dimen153
\@pubyear=\count192
\c@firstpage=\count193
\c@lastpage=\count194
\slashbox=\box48
LaTeX Font Info:    External font `cmex10' loaded for size
(Font)              <7> on input line 1508.
LaTeX Font Info:    External font `cmex10' loaded for size
(Font)              <5> on input line 1508.
LaTeX Font Info:    Trying to load font information for U+lasy on input line 1508.
 (/usr/share/texlive/texmf-dist/tex/latex/base/ulasy.fd
File: ulasy.fd 1998/08/17 v2.2e LaTeX symbol font definitions
)
\Slashbox=\box49
LaTeX Font Info:    External font `cmex10' loaded for size
(Font)              <12> on input line 1509.
LaTeX Font Info:    External font `cmex10' loaded for size
(Font)              <8> on input line 1509.
LaTeX Font Info:    External font `cmex10' loaded for size
(Font)              <6> on input line 1509.
\@frontindent=\dimen154
) (/usr/share/texlive/texmf-dist/tex/latex/graphics/graphicx.sty
Package: graphicx 2019/11/30 v1.2a Enhanced LaTeX Graphics (DPC,SPQR)
 (/usr/share/texlive/texmf-dist/tex/latex/graphics/keyval.sty
Package: keyval 2014/10/28 v1.15 key=value parser (DPC)
\KV@toks@=\toks18
) (/usr/share/texlive/texmf-dist/tex/latex/graphics/graphics.sty
Package: graphics 2019/11/30 v1.4a Standard LaTeX Graphics (DPC,SPQR)
 (/usr/share/texlive/texmf-dist/tex/latex/graphics/trig.sty
Package: trig 2016/01/03 v1.10 sin cos tan (DPC)
) (/usr/share/texlive/texmf-dist/tex/latex/graphics-cfg/graphics.cfg
File: graphics.cfg 2016/06/04 v1.11 sample graphics configuration
)
Package graphics Info: Driver file: pdftex.def on input line 105.
 (/usr/share/texlive/texmf-dist/tex/latex/graphics-def/pdftex.def
File: pdftex.def 2018/01/08 v1.0l Graphics/color driver for pdftex
))
\Gin@req@height=\dimen155
\Gin@req@width=\dimen156
) (/usr/share/texlive/texmf-dist/tex/latex/natbib/natbib.sty
Package: natbib 2010/09/13 8.31b (PWD, AO)
\bibhang=\skip52
\bibsep=\skip53
LaTeX Info: Redefining \cite on input line 694.
\c@NAT@ctr=\count195
) (/usr/share/texlive/texmf-dist/tex/latex/xcolor/xcolor.sty
Package: xcolor 2016/05/11 v2.12 LaTeX color extensions (UK)
 (/usr/share/texlive/texmf-dist/tex/latex/graphics-cfg/color.cfg
File: color.cfg 2016/01/02 v1.6 sample color configuration
)
Package xcolor Info: Driver file: pdftex.def on input line 225.
Package xcolor Info: Model `cmy' substituted by `cmy0' on input line 1348.
Package xcolor Info: Model `hsb' substituted by `rgb' on input line 1352.
Package xcolor Info: Model `RGB' extended on input line 1364.
Package xcolor Info: Model `HTML' substituted by `rgb' on input line 1366.
Package xcolor Info: Model `Hsb' substituted by `hsb' on input line 1367.
Package xcolor Info: Model `tHsb' substituted by `hsb' on input line 1368.
Package xcolor Info: Model `HSB' substituted by `hsb' on input line 1369.
Package xcolor Info: Model `Gray' substituted by `gray' on input line 1370.
Package xcolor Info: Model `wave' substituted by `hsb' on input line 1371.
) (/usr/share/texlive/texmf-dist/tex/latex/caption/subcaption.sty
Package: subcaption 2020/01/22 v1.3d Sub-captions (AR)
 (/usr/share/texlive/texmf-dist/tex/latex/caption/caption.sty
Package: caption 2020/01/03 v3.4h Customizing captions (AR)
 (/usr/share/texlive/texmf-dist/tex/latex/caption/caption3.sty
Package: caption3 2020/01/03 v1.8h caption3 kernel (AR)
Package caption3 Info: TeX engine: e-TeX on input line 61.
\captionmargin=\dimen157
\captionmargin@=\dimen158
\captionwidth=\dimen159
\caption@tempdima=\dimen160
\caption@indent=\dimen161
\caption@parindent=\dimen162
\caption@hangindent=\dimen163
\abovecaptionskip=\skip54
\belowcaptionskip=\skip55
Package caption Info: Unknown document class (or package),
(caption)             standard defaults will be used.
Package caption Info: \@makecaption = macro:->\@makefigurecaption  on input line 1082.
)

Package caption Warning: Unknown document class (or package),
(caption)                standard defaults will be used.
See the caption package documentation for explanation.

\c@caption@flags=\count196
\c@continuedfloat=\count197
)
\c@subfigure=\count198
\c@subtable=\count199
) (/usr/share/texlive/texmf-dist/tex/latex/siunitx/siunitx.sty (/usr/share/texlive/texmf-dist/tex/latex/l3kernel/expl3.sty
Package: expl3 2020-02-14 L3 programming layer (loader) 
 (/usr/share/texlive/texmf-dist/tex/latex/l3backend/l3backend-pdfmode.def
File: l3backend-pdfmode.def 2020-02-03 L3 backend support: PDF mode
\l__kernel_color_stack_int=\count266
\l__pdf_internal_box=\box50
)) (/usr/share/texlive/texmf-dist/tex/latex/l3packages/xparse/xparse.sty
Package: xparse 2020-02-14 L3 Experimental document command parser
\l__xparse_current_arg_int=\count267
\g__xparse_grabber_int=\count268
\l__xparse_m_args_int=\count269
\l__xparse_v_nesting_int=\count270
)
Package: siunitx 2020/01/15 v2.7u A comprehensive (SI) units package
 (/usr/share/texlive/texmf-dist/tex/latex/amsmath/amstext.sty
Package: amstext 2000/06/29 v2.01 AMS text
 (/usr/share/texlive/texmf-dist/tex/latex/amsmath/amsgen.sty
File: amsgen.sty 1999/11/30 v2.0 generic functions
\@emptytoks=\toks19
\ex@=\dimen164
)) (/usr/share/texlive/texmf-dist/tex/latex/tools/array.sty
Package: array 2019/08/31 v2.4l Tabular extension package (FMi)
\col@sep=\dimen165
\ar@mcellbox=\box51
\extrarowheight=\dimen166
\NC@list=\toks20
\extratabsurround=\skip56
\backup@length=\skip57
\ar@cellbox=\box52
) (/usr/share/texlive/texmf-dist/tex/latex/l3packages/l3keys2e/l3keys2e.sty
Package: l3keys2e 2020-02-14 LaTeX2e option processing using LaTeX3 keys
)
\l__siunitx_tmp_box=\box53
\l__siunitx_tmp_dim=\dimen167
\l__siunitx_tmp_int=\count271
\l__siunitx_number_mantissa_length_int=\count272
\l__siunitx_number_uncert_length_int=\count273
\l__siunitx_round_int=\count274
\l__siunitx_process_decimal_int=\count275
\l__siunitx_process_uncertainty_int=\count276
\l__siunitx_process_fixed_int=\count277
\l__siunitx_process_integer_min_int=\count278
\l__siunitx_process_precision_int=\count279
\l__siunitx_group_min_int=\count280
\l__siunitx_angle_marker_box=\box54
\l__siunitx_angle_unit_box=\box55
\l__siunitx_angle_marker_dim=\dimen168
\l__siunitx_angle_unit_dim=\dimen169
\l__siunitx_unit_int=\count281
\l__siunitx_unit_denominator_int=\count282
\l__siunitx_unit_numerator_int=\count283
\l__siunitx_unit_prefix_int=\count284
\l__siunitx_unit_prefix_base_int=\count285
\l__siunitx_unit_prefix_gram_int=\count286
\l__siunitx_number_product_int=\count287
\c__siunitx_one_fill_skip=\skip58
\l__siunitx_table_unit_align_skip=\skip59
\l__siunitx_table_exponent_dim=\dimen170
\l__siunitx_table_integer_dim=\dimen171
\l__siunitx_table_mantissa_dim=\dimen172
\l__siunitx_table_marker_dim=\dimen173
\l__siunitx_table_result_dim=\dimen174
\l__siunitx_table_uncert_dim=\dimen175
\l__siunitx_table_fill_pre_dim=\dimen176
\l__siunitx_table_fill_post_dim=\dimen177
\l__siunitx_table_fill_mid_dim=\dimen178
\l__siunitx_table_pre_box=\box56
\l__siunitx_table_post_box=\box57
\l__siunitx_table_mantissa_box=\box58
\l__siunitx_table_result_box=\box59
\l__siunitx_table_number_align_skip=\skip60
\l__siunitx_table_text_align_skip=\skip61
 (/usr/share/texlive/texmf-dist/tex/latex/translator/translator.sty
Package: translator 2019-05-31 v1.12a Easy translation of strings in LaTeX
)) (/usr/share/texlive/texmf-dist/tex/latex/amsmath/amsmath.sty
Package: amsmath 2020/01/20 v2.17e AMS math features
\@mathmargin=\skip62

For additional information on amsmath, use the `?' option.
(/usr/share/texlive/texmf-dist/tex/latex/amsmath/amsbsy.sty
Package: amsbsy 1999/11/29 v1.2d Bold Symbols
\pmbraise@=\dimen179
) (/usr/share/texlive/texmf-dist/tex/latex/amsmath/amsopn.sty
Package: amsopn 2016/03/08 v2.02 operator names
LaTeX Info: Redefining \operatorname on input line 43.
)
\inf@bad=\count288
LaTeX Info: Redefining \frac on input line 227.
\uproot@=\count289
\leftroot@=\count290
LaTeX Info: Redefining \overline on input line 389.
\classnum@=\count291
\DOTSCASE@=\count292
LaTeX Info: Redefining \ldots on input line 486.
LaTeX Info: Redefining \dots on input line 489.
LaTeX Info: Redefining \cdots on input line 610.
\Mathstrutbox@=\box60
\strutbox@=\box61
\big@size=\dimen180
LaTeX Font Info:    Redeclaring font encoding OML on input line 733.
LaTeX Font Info:    Redeclaring font encoding OMS on input line 734.
\macc@depth=\count293
\c@MaxMatrixCols=\count294
\dotsspace@=\muskip16
\c@parentequation=\count295
\dspbrk@lvl=\count296
\tag@help=\toks21
\row@=\count297
\column@=\count298
\maxfields@=\count299
\andhelp@=\toks22
\eqnshift@=\dimen181
\alignsep@=\dimen182
\tagshift@=\dimen183
\tagwidth@=\dimen184
\totwidth@=\dimen185
\lineht@=\dimen186
\@envbody=\toks23
\multlinegap=\skip63
\multlinetaggap=\skip64
\mathdisplay@stack=\toks24
LaTeX Info: Redefining \[ on input line 2859.
LaTeX Info: Redefining \] on input line 2860.
) (/usr/share/texlive/texmf-dist/tex/latex/amsfonts/amssymb.sty
Package: amssymb 2013/01/14 v3.01 AMS font symbols
 (/usr/share/texlive/texmf-dist/tex/latex/amsfonts/amsfonts.sty
Package: amsfonts 2013/01/14 v3.01 Basic AMSFonts support
\symAMSa=\mathgroup5
\symAMSb=\mathgroup6
LaTeX Font Info:    Redeclaring math symbol \hbar on input line 98.
LaTeX Font Info:    Overwriting math alphabet `\mathfrak' in version `bold'
(Font)                  U/euf/m/n --> U/euf/b/n on input line 106.
)) (/usr/share/texlive/texmf-dist/tex/latex/hyperref/hyperref.sty
Package: hyperref 2020/01/14 v7.00d Hypertext links for LaTeX
 (/usr/share/texlive/texmf-dist/tex/generic/ltxcmds/ltxcmds.sty
Package: ltxcmds 2019/12/15 v1.24 LaTeX kernel commands for general use (HO)
) (/usr/share/texlive/texmf-dist/tex/generic/iftex/iftex.sty
Package: iftex 2019/11/07 v1.0c TeX engine tests
) (/usr/share/texlive/texmf-dist/tex/latex/pdftexcmds/pdftexcmds.sty
Package: pdftexcmds 2019/11/24 v0.31 Utility functions of pdfTeX for LuaTeX (HO)
 (/usr/share/texlive/texmf-dist/tex/generic/infwarerr/infwarerr.sty
Package: infwarerr 2019/12/03 v1.5 Providing info/warning/error messages (HO)
)
Package pdftexcmds Info: \pdf@primitive is available.
Package pdftexcmds Info: \pdf@ifprimitive is available.
Package pdftexcmds Info: \pdfdraftmode found.
) (/usr/share/texlive/texmf-dist/tex/generic/kvsetkeys/kvsetkeys.sty
Package: kvsetkeys 2019/12/15 v1.18 Key value parser (HO)
) (/usr/share/texlive/texmf-dist/tex/generic/kvdefinekeys/kvdefinekeys.sty
Package: kvdefinekeys 2019-12-19 v1.6 Define keys (HO)
) (/usr/share/texlive/texmf-dist/tex/generic/pdfescape/pdfescape.sty
Package: pdfescape 2019/12/09 v1.15 Implements pdfTeX's escape features (HO)
) (/usr/share/texlive/texmf-dist/tex/latex/hycolor/hycolor.sty
Package: hycolor 2020-01-27 v1.10 Color options for hyperref/bookmark (HO)
) (/usr/share/texlive/texmf-dist/tex/latex/letltxmacro/letltxmacro.sty
Package: letltxmacro 2019/12/03 v1.6 Let assignment for LaTeX macros (HO)
) (/usr/share/texlive/texmf-dist/tex/latex/auxhook/auxhook.sty
Package: auxhook 2019-12-17 v1.6 Hooks for auxiliary files (HO)
) (/usr/share/texlive/texmf-dist/tex/latex/kvoptions/kvoptions.sty
Package: kvoptions 2019/11/29 v3.13 Key value format for package options (HO)
)
\@linkdim=\dimen187
\Hy@linkcounter=\count300
\Hy@pagecounter=\count301
 (/usr/share/texlive/texmf-dist/tex/latex/hyperref/pd1enc.def
File: pd1enc.def 2020/01/14 v7.00d Hyperref: PDFDocEncoding definition (HO)
Now handling font encoding PD1 ...
... no UTF-8 mapping file for font encoding PD1
) (/usr/share/texlive/texmf-dist/tex/generic/intcalc/intcalc.sty
Package: intcalc 2019/12/15 v1.3 Expandable calculations with integers (HO)
) (/usr/share/texlive/texmf-dist/tex/generic/etexcmds/etexcmds.sty
Package: etexcmds 2019/12/15 v1.7 Avoid name clashes with e-TeX commands (HO)
)
\Hy@SavedSpaceFactor=\count302
\pdfmajorversion=\count303
Package hyperref Info: Hyper figures OFF on input line 4547.
Package hyperref Info: Link nesting OFF on input line 4552.
Package hyperref Info: Hyper index ON on input line 4555.
Package hyperref Info: Plain pages OFF on input line 4562.
Package hyperref Info: Backreferencing OFF on input line 4567.
Package hyperref Info: Implicit mode ON; LaTeX internals redefined.
Package hyperref Info: Bookmarks ON on input line 4800.
\c@Hy@tempcnt=\count304
 (/usr/share/texlive/texmf-dist/tex/latex/url/url.sty
\Urlmuskip=\muskip17
Package: url 2013/09/16  ver 3.4  Verb mode for urls, etc.
)
LaTeX Info: Redefining \url on input line 5159.
\XeTeXLinkMargin=\dimen188
 (/usr/share/texlive/texmf-dist/tex/generic/bitset/bitset.sty
Package: bitset 2019/12/09 v1.3 Handle bit-vector datatype (HO)
 (/usr/share/texlive/texmf-dist/tex/generic/bigintcalc/bigintcalc.sty
Package: bigintcalc 2019/12/15 v1.5 Expandable calculations on big integers (HO)
))
\Fld@menulength=\count305
\Field@Width=\dimen189
\Fld@charsize=\dimen190
Package hyperref Info: Hyper figures OFF on input line 6430.
Package hyperref Info: Link nesting OFF on input line 6435.
Package hyperref Info: Hyper index ON on input line 6438.
Package hyperref Info: backreferencing OFF on input line 6445.
Package hyperref Info: Link coloring OFF on input line 6450.
Package hyperref Info: Link coloring with OCG OFF on input line 6455.
Package hyperref Info: PDF/A mode OFF on input line 6460.
LaTeX Info: Redefining \ref on input line 6500.
LaTeX Info: Redefining \pageref on input line 6504.
 (/usr/share/texlive/texmf-dist/tex/generic/atbegshi/atbegshi.sty
Package: atbegshi 2019/12/05 v1.19 At begin shipout hook (HO)
)
\Hy@abspage=\count306
\c@Item=\count307
\c@Hfootnote=\count308
)
Package hyperref Info: Driver (autodetected): hpdftex.
 (/usr/share/texlive/texmf-dist/tex/latex/hyperref/hpdftex.def
File: hpdftex.def 2020/01/14 v7.00d Hyperref driver for pdfTeX
 (/usr/share/texlive/texmf-dist/tex/latex/atveryend/atveryend.sty
Package: atveryend 2019-12-11 v1.11 Hooks at the very end of document (HO)
Package atveryend Info: \enddocument detected (standard20110627).
)
\Fld@listcount=\count309
\c@bookmark@seq@number=\count310
 (/usr/share/texlive/texmf-dist/tex/latex/rerunfilecheck/rerunfilecheck.sty
Package: rerunfilecheck 2019/12/05 v1.9 Rerun checks for auxiliary files (HO)
 (/usr/share/texlive/texmf-dist/tex/generic/uniquecounter/uniquecounter.sty
Package: uniquecounter 2019/12/15 v1.4 Provide unlimited unique counter (HO)
)
Package uniquecounter Info: New unique counter `rerunfilecheck' on input line 286.
)
\Hy@SectionHShift=\skip65
) (/home/marcone/Dropbox/IFAC2026/IFAC_main.aux

LaTeX Warning: Label `eq:airground-fleet-z' multiply defined.

)
\openout1 = `IFAC_main.aux'.

LaTeX Font Info:    Checking defaults for OML/cmm/m/it on input line 30.
LaTeX Font Info:    ... okay on input line 30.
LaTeX Font Info:    Checking defaults for OMS/cmsy/m/n on input line 30.
LaTeX Font Info:    ... okay on input line 30.
LaTeX Font Info:    Checking defaults for OT1/cmr/m/n on input line 30.
LaTeX Font Info:    ... okay on input line 30.
LaTeX Font Info:    Checking defaults for T1/cmr/m/n on input line 30.
LaTeX Font Info:    ... okay on input line 30.
LaTeX Font Info:    Checking defaults for TS1/cmr/m/n on input line 30.
LaTeX Font Info:    ... okay on input line 30.
LaTeX Font Info:    Checking defaults for OMX/cmex/m/n on input line 30.
LaTeX Font Info:    ... okay on input line 30.
LaTeX Font Info:    Checking defaults for U/cmr/m/n on input line 30.
LaTeX Font Info:    ... okay on input line 30.
LaTeX Font Info:    Checking defaults for PD1/pdf/m/n on input line 30.
LaTeX Font Info:    ... okay on input line 30.
 (/usr/share/texlive/texmf-dist/tex/context/base/mkii/supp-pdf.mkii
[Loading MPS to PDF converter (version 2006.09.02).]
\scratchcounter=\count311
\scratchdimen=\dimen191
\scratchbox=\box62
\nofMPsegments=\count312
\nofMParguments=\count313
\everyMPshowfont=\toks25
\MPscratchCnt=\count314
\MPscratchDim=\dimen192
\MPnumerator=\count315
\makeMPintoPDFobject=\count316
\everyMPtoPDFconversion=\toks26
) (/usr/share/texlive/texmf-dist/tex/latex/epstopdf-pkg/epstopdf-base.sty
Package: epstopdf-base 2020-01-24 v2.11 Base part for package epstopdf
Package epstopdf-base Info: Redefining graphics rule for `.eps' on input line 485.
 (/usr/share/texlive/texmf-dist/tex/latex/latexconfig/epstopdf-sys.cfg
File: epstopdf-sys.cfg 2010/07/13 v1.3 Configuration of (r)epstopdf for TeX Live
))
Package caption Info: Begin \AtBeginDocument code.
Package caption Info: hyperref package is loaded.
Package caption Info: End \AtBeginDocument code.
 (/usr/share/texlive/texmf-dist/tex/latex/translator/translator-basic-dictionary-English.dict
Dictionary: translator-basic-dictionary, Language: English 
) (/usr/share/texlive/texmf-dist/tex/latex/siunitx/siunitx-abbreviations.cfg
File: siunitx-abbreviations.cfg 2017/11/26 v2.7k siunitx: Abbreviated units
)
\AtBeginShipoutBox=\box63
Package hyperref Info: Link coloring OFF on input line 30.
 (/usr/share/texlive/texmf-dist/tex/latex/hyperref/nameref.sty
Package: nameref 2019/09/16 v2.46 Cross-referencing by name of section
 (/usr/share/texlive/texmf-dist/tex/latex/refcount/refcount.sty
Package: refcount 2019/12/15 v3.6 Data extraction from label references (HO)
) (/usr/share/texlive/texmf-dist/tex/generic/gettitlestring/gettitlestring.sty
Package: gettitlestring 2019/12/15 v1.6 Cleanup title references (HO)
)
\c@section@level=\count317
)
LaTeX Info: Redefining \ref on input line 30.
LaTeX Info: Redefining \pageref on input line 30.
LaTeX Info: Redefining \nameref on input line 30.
 (/home/marcone/Dropbox/IFAC2026/IFAC_main.out) (/home/marcone/Dropbox/IFAC2026/IFAC_main.out)
\@outlinefile=\write3
\openout3 = `IFAC_main.out'.

LaTeX Font Info:    Trying to load font information for U+msa on input line 30.
 (/usr/share/texlive/texmf-dist/tex/latex/amsfonts/umsa.fd
File: umsa.fd 2013/01/14 v3.01 AMS symbols A
)
LaTeX Font Info:    Trying to load font information for U+msb on input line 30.
 (/usr/share/texlive/texmf-dist/tex/latex/amsfonts/umsb.fd
File: umsb.fd 2013/01/14 v3.01 AMS symbols B
)
LaTeX Font Info:    Calculating math sizes for size <14> on input line 33.
LaTeX Font Info:    Trying to load font information for OMS+cmr on input line 49.
 (/usr/share/texlive/texmf-dist/tex/latex/base/omscmr.fd
File: omscmr.fd 2019/12/16 v2.5j Standard LaTeX font definitions
)
LaTeX Font Info:    Font shape `OMS/cmr/m/it' in size <10> not available
(Font)              Font shape `OMS/cmsy/m/n' tried instead on input line 49.
\c@sv@footnote=\count318

Underfull \vbox (badness 10000) has occurred while \output is active []

<images/imageIntro5.png, id=55, 846.16125pt x 463.7325pt>
File: images/imageIntro5.png Graphic file (type png)
<use images/imageIntro5.png>
Package pdftex.def Info: images/imageIntro5.png  used on input line 117.
(pdftex.def)             Requested size: 251.80688pt x 93.1918pt.
 [1{/var/lib/texmf/fonts/map/pdftex/updmap/pdftex.map}

 </home/marcone/Dropbox/IFAC2026/images/imageIntro5.png>]
<images/heterogenous_fleet_PNG300_2.png, id=105, 3008.23875pt x 2920.9125pt>
File: images/heterogenous_fleet_PNG300_2.png Graphic file (type png)
<use images/heterogenous_fleet_PNG300_2.png>
Package pdftex.def Info: images/heterogenous_fleet_PNG300_2.png  used on input line 202.
(pdftex.def)             Requested size: 178.74226pt x 173.56198pt.
<images/drone_fromAbove2.png, id=109, 1580.90625pt x 1391.1975pt>
File: images/drone_fromAbove2.png Graphic file (type png)
<use images/drone_fromAbove2.png>
Package pdftex.def Info: images/drone_fromAbove2.png  used on input line 255.
(pdftex.def)             Requested size: 85.35826pt x 69.97385pt.

Underfull \hbox (badness 10000) in paragraph at lines 254--257
[]
 []


Overfull \hbox (7.29875pt too wide) in paragraph at lines 254--257
[] 
 []

<images/drone_roll3.png, id=111, 1135.24126pt x 1099.10625pt>
File: images/drone_roll3.png Graphic file (type png)
<use images/drone_roll3.png>
Package pdftex.def Info: images/drone_roll3.png  used on input line 263.
(pdftex.def)             Requested size: 85.35826pt x 83.68723pt.

Underfull \hbox (badness 10000) in paragraph at lines 260--266
[]
 []


Overfull \hbox (7.29875pt too wide) in paragraph at lines 260--266
[] 
 []

<images/drone_pitch2.png, id=113, 1068.99374pt x 749.80125pt>
File: images/drone_pitch2.png Graphic file (type png)
<use images/drone_pitch2.png>
Package pdftex.def Info: images/drone_pitch2.png  used on input line 274.
(pdftex.def)             Requested size: 85.35826pt x 59.77115pt.

Underfull \hbox (badness 10000) in paragraph at lines 269--278
[]
 []


Overfull \hbox (7.29875pt too wide) in paragraph at lines 269--278
[] 
 []

[2 </home/marcone/Dropbox/IFAC2026/images/drone_fromAbove2.png> </home/marcone/Dropbox/IFAC2026/images/drone_roll3.png> </home/marcone/Dropbox/IFAC2026/images/drone_pitch2.png> </home/marcone/Dropbox/IFAC2026/images/heterogenous_fleet_PNG300_2.png>]

LaTeX Font Warning: Command \small invalid in math mode on input line 358.

LaTeX Font Info:    Font shape `U/lasy/b/n' in size <8> not available
(Font)              Font shape `U/lasy/m/n' tried instead on input line 359.
LaTeX Font Info:    Font shape `U/lasy/b/n' in size <6> not available
(Font)              Font shape `U/lasy/m/n' tried instead on input line 359.
LaTeX Font Info:    Font shape `U/lasy/b/n' in size <5> not available
(Font)              Font shape `U/lasy/m/n' tried instead on input line 359.
LaTeX Font Info:    Font shape `U/lasy/b/n' in size <7> not available
(Font)              Font shape `U/lasy/m/n' tried instead on input line 359.

LaTeX Font Warning: Command \small invalid in math mode on input line 445.

LaTeX Font Info:    Calculating math sizes for size <> on input line 452.

LaTeX Font Warning: Font shape `OT1/cmr/m/n' in size <> not available
(Font)              size <5> substituted on input line 452.


LaTeX Font Warning: Font shape `OT1/cmr/m/n' in size <0.7> not available
(Font)              size <5> substituted on input line 452.


LaTeX Font Warning: Font shape `OT1/cmr/m/n' in size <0.5> not available
(Font)              size <5> substituted on input line 452.


LaTeX Font Warning: Font shape `OML/cmm/m/it' in size <> not available
(Font)              size <5> substituted on input line 452.


LaTeX Font Warning: Font shape `OML/cmm/m/it' in size <0.7> not available
(Font)              size <5> substituted on input line 452.


LaTeX Font Warning: Font shape `OML/cmm/m/it' in size <0.5> not available
(Font)              size <5> substituted on input line 452.


LaTeX Font Warning: Font shape `OMS/cmsy/m/n' in size <> not available
(Font)              size <5> substituted on input line 452.


LaTeX Font Warning: Font shape `OMS/cmsy/m/n' in size <0.7> not available
(Font)              size <5> substituted on input line 452.


LaTeX Font Warning: Font shape `OMS/cmsy/m/n' in size <0.5> not available
(Font)              size <5> substituted on input line 452.


LaTeX Font Warning: Font shape `OT1/cmss/m/n' in size <> not available
(Font)              size <5> substituted on input line 452.


LaTeX Font Warning: Font shape `OT1/cmss/m/n' in size <0.7> not available
(Font)              size <5> substituted on input line 452.


LaTeX Font Warning: Font shape `OT1/cmss/m/n' in size <0.5> not available
(Font)              size <5> substituted on input line 452.


LaTeX Font Warning: Font shape `OT1/cmtt/m/n' in size <> not available
(Font)              size <5> substituted on input line 452.


LaTeX Font Warning: Font shape `OT1/cmtt/m/n' in size <0.7> not available
(Font)              size <5> substituted on input line 452.


LaTeX Font Warning: Font shape `OT1/cmtt/m/n' in size <0.5> not available
(Font)              size <5> substituted on input line 452.


LaTeX Font Warning: Font shape `U/lasy/m/n' in size <> not available
(Font)              size <5> substituted on input line 452.


LaTeX Font Warning: Font shape `U/lasy/m/n' in size <0.7> not available
(Font)              size <5> substituted on input line 452.


LaTeX Font Warning: Font shape `U/lasy/m/n' in size <0.5> not available
(Font)              size <5> substituted on input line 452.


LaTeX Font Warning: Command \small invalid in math mode on input line 455.


LaTeX Font Warning: Command \small invalid in math mode on input line 461.


LaTeX Font Warning: Command \small invalid in math mode on input line 474.


LaTeX Font Warning: Command \small invalid in math mode on input line 505.

[3]

LaTeX Font Warning: Command \small invalid in math mode on input line 543.

<images/collisions3.png, id=199, 865.2325pt x 522.95375pt>
File: images/collisions3.png Graphic file (type png)
<use images/collisions3.png>
Package pdftex.def Info: images/collisions3.png  used on input line 667.
(pdftex.def)             Requested size: 188.85516pt x 114.1405pt.
Package epstopdf Info: Source file: <images/simulations/with_APF/not_noisy/2nd_scenario_with_noNoise.eps>
(epstopdf)                    date: 2025-10-21 15:12:03
(epstopdf)                    size: 1393326 bytes
(epstopdf)             Output file: <images/simulations/with_APF/not_noisy/2nd_scenario_with_noNoise-eps-converted-to.pdf>
(epstopdf)                    date: 2025-10-21 15:14:31
(epstopdf)                    size: 198953 bytes
(epstopdf)             Command: <repstopdf --outfile=images/simulations/with_APF/not_noisy/2nd_scenario_with_noNoise-eps-converted-to.pdf images/simulations/with_APF/not_noisy/2nd_scenario_with_noNoise.eps>
(epstopdf)             \includegraphics on input line 711.
Package epstopdf Info: Output file is already uptodate.
<images/simulations/with_APF/not_noisy/2nd_scenario_with_noNoise-eps-converted-to.pdf, id=201, 635.37375pt x 639.38875pt>
File: images/simulations/with_APF/not_noisy/2nd_scenario_with_noNoise-eps-converted-to.pdf Graphic file (type pdf)
<use images/simulations/with_APF/not_noisy/2nd_scenario_with_noNoise-eps-converted-to.pdf>
Package pdftex.def Info: images/simulations/with_APF/not_noisy/2nd_scenario_with_noNoise-eps-converted-to.pdf  used on input line 711.
(pdftex.def)             Requested size: 123.38675pt x 124.15834pt.
Package epstopdf Info: Source file: <images/simulations/with_APF/not_noisy/3rd_scenario_with_noNoise.eps>
(epstopdf)                    date: 2025-10-14 15:10:27
(epstopdf)                    size: 1371899 bytes
(epstopdf)             Output file: <images/simulations/with_APF/not_noisy/3rd_scenario_with_noNoise-eps-converted-to.pdf>
(epstopdf)                    date: 2025-10-21 15:14:32
(epstopdf)                    size: 199003 bytes
(epstopdf)             Command: <repstopdf --outfile=images/simulations/with_APF/not_noisy/3rd_scenario_with_noNoise-eps-converted-to.pdf images/simulations/with_APF/not_noisy/3rd_scenario_with_noNoise.eps>
(epstopdf)             \includegraphics on input line 717.
Package epstopdf Info: Output file is already uptodate.
<images/simulations/with_APF/not_noisy/3rd_scenario_with_noNoise-eps-converted-to.pdf, id=202, 612.2875pt x 614.295pt>
File: images/simulations/with_APF/not_noisy/3rd_scenario_with_noNoise-eps-converted-to.pdf Graphic file (type pdf)
<use images/simulations/with_APF/not_noisy/3rd_scenario_with_noNoise-eps-converted-to.pdf>
Package pdftex.def Info: images/simulations/with_APF/not_noisy/3rd_scenario_with_noNoise-eps-converted-to.pdf  used on input line 717.
(pdftex.def)             Requested size: 123.38675pt x 123.78477pt.
[4 </home/marcone/Dropbox/IFAC2026/images/collisions3.png>]
Package epstopdf Info: Source file: <images/simulations/wo_APF/2nd_scenario_wo.eps>
(epstopdf)                    date: 2025-10-21 17:12:54
(epstopdf)                    size: 1413628 bytes
(epstopdf)             Output file: <images/simulations/wo_APF/2nd_scenario_wo-eps-converted-to.pdf>
(epstopdf)                    date: 2025-10-21 17:14:08
(epstopdf)                    size: 86873 bytes
(epstopdf)             Command: <repstopdf --outfile=images/simulations/wo_APF/2nd_scenario_wo-eps-converted-to.pdf images/simulations/wo_APF/2nd_scenario_wo.eps>
(epstopdf)             \includegraphics on input line 749.
Package epstopdf Info: Output file is already uptodate.
<images/simulations/wo_APF/2nd_scenario_wo-eps-converted-to.pdf, id=218, 635.37375pt x 639.38875pt>
File: images/simulations/wo_APF/2nd_scenario_wo-eps-converted-to.pdf Graphic file (type pdf)
<use images/simulations/wo_APF/2nd_scenario_wo-eps-converted-to.pdf>
Package pdftex.def Info: images/simulations/wo_APF/2nd_scenario_wo-eps-converted-to.pdf  used on input line 749.
(pdftex.def)             Requested size: 123.38675pt x 124.15834pt.
Package epstopdf Info: Source file: <images/simulations/wo_APF/3rd_scenario_wo.eps>
(epstopdf)                    date: 2025-10-21 17:13:46
(epstopdf)                    size: 1355879 bytes
(epstopdf)             Output file: <images/simulations/wo_APF/3rd_scenario_wo-eps-converted-to.pdf>
(epstopdf)                    date: 2025-10-21 17:14:08
(epstopdf)                    size: 84615 bytes
(epstopdf)             Command: <repstopdf --outfile=images/simulations/wo_APF/3rd_scenario_wo-eps-converted-to.pdf images/simulations/wo_APF/3rd_scenario_wo.eps>
(epstopdf)             \includegraphics on input line 756.
Package epstopdf Info: Output file is already uptodate.
<images/simulations/wo_APF/3rd_scenario_wo-eps-converted-to.pdf, id=219, 631.35875pt x 634.37pt>
File: images/simulations/wo_APF/3rd_scenario_wo-eps-converted-to.pdf Graphic file (type pdf)
<use images/simulations/wo_APF/3rd_scenario_wo-eps-converted-to.pdf>
Package pdftex.def Info: images/simulations/wo_APF/3rd_scenario_wo-eps-converted-to.pdf  used on input line 756.
(pdftex.def)             Requested size: 123.38675pt x 123.96783pt.
Package epstopdf Info: Source file: <images/simulations/with_APF/noisy/2nd_scenario_with_noisy.eps>
(epstopdf)                    date: 2025-10-21 14:58:36
(epstopdf)                    size: 1410291 bytes
(epstopdf)             Output file: <images/simulations/with_APF/noisy/2nd_scenario_with_noisy-eps-converted-to.pdf>
(epstopdf)                    date: 2025-10-21 15:02:28
(epstopdf)                    size: 440772 bytes
(epstopdf)             Command: <repstopdf --outfile=images/simulations/with_APF/noisy/2nd_scenario_with_noisy-eps-converted-to.pdf images/simulations/with_APF/noisy/2nd_scenario_with_noisy.eps>
(epstopdf)             \includegraphics on input line 791.
Package epstopdf Info: Output file is already uptodate.
<images/simulations/with_APF/noisy/2nd_scenario_with_noisy-eps-converted-to.pdf, id=225, 635.37375pt x 639.38875pt>
File: images/simulations/with_APF/noisy/2nd_scenario_with_noisy-eps-converted-to.pdf Graphic file (type pdf)
<use images/simulations/with_APF/noisy/2nd_scenario_with_noisy-eps-converted-to.pdf>
Package pdftex.def Info: images/simulations/with_APF/noisy/2nd_scenario_with_noisy-eps-converted-to.pdf  used on input line 791.
(pdftex.def)             Requested size: 123.38675pt x 124.15834pt.
Package epstopdf Info: Source file: <images/simulations/with_APF/noisy/3rd_scenario_with_noisy.eps>
(epstopdf)                    date: 2025-10-21 15:01:27
(epstopdf)                    size: 1410201 bytes
(epstopdf)             Output file: <images/simulations/with_APF/noisy/3rd_scenario_with_noisy-eps-converted-to.pdf>
(epstopdf)                    date: 2025-10-21 15:02:29
(epstopdf)                    size: 441199 bytes
(epstopdf)             Command: <repstopdf --outfile=images/simulations/with_APF/noisy/3rd_scenario_with_noisy-eps-converted-to.pdf images/simulations/with_APF/noisy/3rd_scenario_with_noisy.eps>
(epstopdf)             \includegraphics on input line 796.
Package epstopdf Info: Output file is already uptodate.
<images/simulations/with_APF/noisy/3rd_scenario_with_noisy-eps-converted-to.pdf, id=226, 631.35875pt x 634.37pt>
File: images/simulations/with_APF/noisy/3rd_scenario_with_noisy-eps-converted-to.pdf Graphic file (type pdf)
<use images/simulations/with_APF/noisy/3rd_scenario_with_noisy-eps-converted-to.pdf>
Package pdftex.def Info: images/simulations/with_APF/noisy/3rd_scenario_with_noisy-eps-converted-to.pdf  used on input line 796.
(pdftex.def)             Requested size: 123.38675pt x 123.96783pt.

Underfull \vbox (badness 10000) has occurred while \output is active []



LaTeX Font Warning: Command \small invalid in math mode on input line 860.

[5 </home/marcone/Dropbox/IFAC2026/images/simulations/with_APF/not_noisy/2nd_scenario_with_noNoise-eps-converted-to.pdf> </home/marcone/Dropbox/IFAC2026/images/simulations/with_APF/not_noisy/3rd_scenario_with_noNoise-eps-converted-to.pdf> </home/marcone/Dropbox/IFAC2026/images/simulations/wo_APF/2nd_scenario_wo-eps-converted-to.pdf> </home/marcone/Dropbox/IFAC2026/images/simulations/wo_APF/3rd_scenario_wo-eps-converted-to.pdf> </home/marcone/Dropbox/IFAC2026/images/simulations/with_APF/noisy/2nd_scenario_with_noisy-eps-converted-to.pdf> </home/marcone/Dropbox/IFAC2026/images/simulations/with_APF/noisy/3rd_scenario_with_noisy-eps-converted-to.pdf>]

LaTeX Font Warning: Command \small invalid in math mode on input line 899.

Package epstopdf Info: Source file: <images/experiment/nominal/1st_scenario_exp_bigger.eps>
(epstopdf)                    date: 2025-10-22 13:19:39
(epstopdf)                    size: 272442 bytes
(epstopdf)             Output file: <images/experiment/nominal/1st_scenario_exp_bigger-eps-converted-to.pdf>
(epstopdf)                    date: 2025-10-22 13:20:34
(epstopdf)                    size: 103794 bytes
(epstopdf)             Command: <repstopdf --outfile=images/experiment/nominal/1st_scenario_exp_bigger-eps-converted-to.pdf images/experiment/nominal/1st_scenario_exp_bigger.eps>
(epstopdf)             \includegraphics on input line 925.
Package epstopdf Info: Output file is already uptodate.
<images/experiment/nominal/1st_scenario_exp_bigger-eps-converted-to.pdf, id=278, 629.35126pt x 633.36626pt>
File: images/experiment/nominal/1st_scenario_exp_bigger-eps-converted-to.pdf Graphic file (type pdf)
<use images/experiment/nominal/1st_scenario_exp_bigger-eps-converted-to.pdf>
Package pdftex.def Info: images/experiment/nominal/1st_scenario_exp_bigger-eps-converted-to.pdf  used on input line 925.
(pdftex.def)             Requested size: 123.38675pt x 124.16792pt.
Package epstopdf Info: Source file: <images/experiment/nominal/3rd_scenario_exp_bigger.eps>
(epstopdf)                    date: 2025-10-23 12:32:05
(epstopdf)                    size: 222310 bytes
(epstopdf)             Output file: <images/experiment/nominal/3rd_scenario_exp_bigger-eps-converted-to.pdf>
(epstopdf)                    date: 2025-10-23 12:32:25
(epstopdf)                    size: 90890 bytes
(epstopdf)             Command: <repstopdf --outfile=images/experiment/nominal/3rd_scenario_exp_bigger-eps-converted-to.pdf images/experiment/nominal/3rd_scenario_exp_bigger.eps>
(epstopdf)             \includegraphics on input line 937.
Package epstopdf Info: Output file is already uptodate.
<images/experiment/nominal/3rd_scenario_exp_bigger-eps-converted-to.pdf, id=279, 629.35126pt x 633.36626pt>
File: images/experiment/nominal/3rd_scenario_exp_bigger-eps-converted-to.pdf Graphic file (type pdf)
<use images/experiment/nominal/3rd_scenario_exp_bigger-eps-converted-to.pdf>
Package pdftex.def Info: images/experiment/nominal/3rd_scenario_exp_bigger-eps-converted-to.pdf  used on input line 937.
(pdftex.def)             Requested size: 123.38675pt x 124.16792pt.
Package epstopdf Info: Source file: <images/experiment/nominal/error_x.eps>
(epstopdf)                    date: 2025-11-01 15:24:45
(epstopdf)                    size: 166354 bytes
(epstopdf)             Output file: <images/experiment/nominal/error_x-eps-converted-to.pdf>
(epstopdf)                    date: 2025-11-01 15:54:35
(epstopdf)                    size: 64151 bytes
(epstopdf)             Command: <repstopdf --outfile=images/experiment/nominal/error_x-eps-converted-to.pdf images/experiment/nominal/error_x.eps>
(epstopdf)             \includegraphics on input line 966.
Package epstopdf Info: Output file is already uptodate.
<images/experiment/nominal/error_x-eps-converted-to.pdf, id=282, 667.49374pt x 633.36626pt>
File: images/experiment/nominal/error_x-eps-converted-to.pdf Graphic file (type pdf)
<use images/experiment/nominal/error_x-eps-converted-to.pdf>
Package pdftex.def Info: images/experiment/nominal/error_x-eps-converted-to.pdf  used on input line 966.
(pdftex.def)             Requested size: 123.38675pt x 117.07428pt.
Package epstopdf Info: Source file: <images/experiment/nominal/error_y.eps>
(epstopdf)                    date: 2025-11-01 15:24:46
(epstopdf)                    size: 165012 bytes
(epstopdf)             Output file: <images/experiment/nominal/error_y-eps-converted-to.pdf>
(epstopdf)                    date: 2025-11-01 15:54:35
(epstopdf)                    size: 60799 bytes
(epstopdf)             Command: <repstopdf --outfile=images/experiment/nominal/error_y-eps-converted-to.pdf images/experiment/nominal/error_y.eps>
(epstopdf)             \includegraphics on input line 972.
Package epstopdf Info: Output file is already uptodate.
<images/experiment/nominal/error_y-eps-converted-to.pdf, id=283, 671.50874pt x 630.355pt>
File: images/experiment/nominal/error_y-eps-converted-to.pdf Graphic file (type pdf)
<use images/experiment/nominal/error_y-eps-converted-to.pdf>
Package pdftex.def Info: images/experiment/nominal/error_y-eps-converted-to.pdf  used on input line 972.
(pdftex.def)             Requested size: 123.38675pt x 115.82513pt.
Package epstopdf Info: Source file: <images/experiment/static_obstacles/1st_scenario_exp_bigger.eps>
(epstopdf)                    date: 2025-10-23 10:40:18
(epstopdf)                    size: 389567 bytes
(epstopdf)             Output file: <images/experiment/static_obstacles/1st_scenario_exp_bigger-eps-converted-to.pdf>
(epstopdf)                    date: 2025-10-23 10:43:48
(epstopdf)                    size: 126296 bytes
(epstopdf)             Command: <repstopdf --outfile=images/experiment/static_obstacles/1st_scenario_exp_bigger-eps-converted-to.pdf images/experiment/static_obstacles/1st_scenario_exp_bigger.eps>
(epstopdf)             \includegraphics on input line 1056.
Package epstopdf Info: Output file is already uptodate.
<images/experiment/static_obstacles/1st_scenario_exp_bigger-eps-converted-to.pdf, id=292, 629.35126pt x 633.36626pt>
File: images/experiment/static_obstacles/1st_scenario_exp_bigger-eps-converted-to.pdf Graphic file (type pdf)
<use images/experiment/static_obstacles/1st_scenario_exp_bigger-eps-converted-to.pdf>
Package pdftex.def Info: images/experiment/static_obstacles/1st_scenario_exp_bigger-eps-converted-to.pdf  used on input line 1056.
(pdftex.def)             Requested size: 123.38675pt x 124.16792pt.
Package epstopdf Info: Source file: <images/experiment/static_obstacles/1st_scenario_exp_obs_swap_bigger.eps>
(epstopdf)                    date: 2025-10-23 11:20:30
(epstopdf)                    size: 202643 bytes
(epstopdf)             Output file: <images/experiment/static_obstacles/1st_scenario_exp_obs_swap_bigger-eps-converted-to.pdf>
(epstopdf)                    date: 2025-10-23 11:21:12
(epstopdf)                    size: 87645 bytes
(epstopdf)             Command: <repstopdf --outfile=images/experiment/static_obstacles/1st_scenario_exp_obs_swap_bigger-eps-converted-to.pdf images/experiment/static_obstacles/1st_scenario_exp_obs_swap_bigger.eps>
(epstopdf)             \includegraphics on input line 1062.
Package epstopdf Info: Output file is already uptodate.
<images/experiment/static_obstacles/1st_scenario_exp_obs_swap_bigger-eps-converted-to.pdf, id=293, 620.3175pt x 624.3325pt>
File: images/experiment/static_obstacles/1st_scenario_exp_obs_swap_bigger-eps-converted-to.pdf Graphic file (type pdf)
<use images/experiment/static_obstacles/1st_scenario_exp_obs_swap_bigger-eps-converted-to.pdf>
Package pdftex.def Info: images/experiment/static_obstacles/1st_scenario_exp_obs_swap_bigger-eps-converted-to.pdf  used on input line 1062.
(pdftex.def)             Requested size: 123.38675pt x 124.17838pt.
Package epstopdf Info: Source file: <images/experiment/dynamic_obstacles/dynamicObst_exp_closeR2_bigger.eps>
(epstopdf)                    date: 2025-10-23 12:28:30
(epstopdf)                    size: 139636 bytes
(epstopdf)             Output file: <images/experiment/dynamic_obstacles/dynamicObst_exp_closeR2_bigger-eps-converted-to.pdf>
(epstopdf)                    date: 2025-10-23 12:31:21
(epstopdf)                    size: 71439 bytes
(epstopdf)             Command: <repstopdf --outfile=images/experiment/dynamic_obstacles/dynamicObst_exp_closeR2_bigger-eps-converted-to.pdf images/experiment/dynamic_obstacles/dynamicObst_exp_closeR2_bigger.eps>
(epstopdf)             \includegraphics on input line 1091.
Package epstopdf Info: Output file is already uptodate.
<images/experiment/dynamic_obstacles/dynamicObst_exp_closeR2_bigger-eps-converted-to.pdf, id=295, 631.35875pt x 635.37375pt>
File: images/experiment/dynamic_obstacles/dynamicObst_exp_closeR2_bigger-eps-converted-to.pdf Graphic file (type pdf)
<use images/experiment/dynamic_obstacles/dynamicObst_exp_closeR2_bigger-eps-converted-to.pdf>
Package pdftex.def Info: images/experiment/dynamic_obstacles/dynamicObst_exp_closeR2_bigger-eps-converted-to.pdf  used on input line 1091.
(pdftex.def)             Requested size: 123.38675pt x 124.16399pt.
Package epstopdf Info: Source file: <images/experiment/dynamic_obstacles/dynamicObst_exp_closeR1_bigger.eps>
(epstopdf)                    date: 2025-10-23 12:27:14
(epstopdf)                    size: 118237 bytes
(epstopdf)             Output file: <images/experiment/dynamic_obstacles/dynamicObst_exp_closeR1_bigger-eps-converted-to.pdf>
(epstopdf)                    date: 2025-10-23 12:31:21
(epstopdf)                    size: 65441 bytes
(epstopdf)             Command: <repstopdf --outfile=images/experiment/dynamic_obstacles/dynamicObst_exp_closeR1_bigger-eps-converted-to.pdf images/experiment/dynamic_obstacles/dynamicObst_exp_closeR1_bigger.eps>
(epstopdf)             \includegraphics on input line 1097.
Package epstopdf Info: Output file is already uptodate.
<images/experiment/dynamic_obstacles/dynamicObst_exp_closeR1_bigger-eps-converted-to.pdf, id=296, 629.35126pt x 633.36626pt>
File: images/experiment/dynamic_obstacles/dynamicObst_exp_closeR1_bigger-eps-converted-to.pdf Graphic file (type pdf)
<use images/experiment/dynamic_obstacles/dynamicObst_exp_closeR1_bigger-eps-converted-to.pdf>
Package pdftex.def Info: images/experiment/dynamic_obstacles/dynamicObst_exp_closeR1_bigger-eps-converted-to.pdf  used on input line 1097.
(pdftex.def)             Requested size: 123.38675pt x 124.16792pt.

Underfull \vbox (badness 10000) has occurred while \output is active []

 [6 </home/marcone/Dropbox/IFAC2026/images/experiment/nominal/1st_scenario_exp_bigger-eps-converted-to.pdf> </home/marcone/Dropbox/IFAC2026/images/experiment/nominal/3rd_scenario_exp_bigger-eps-converted-to.pdf> </home/marcone/Dropbox/IFAC2026/images/experiment/nominal/error_x-eps-converted-to.pdf> </home/marcone/Dropbox/IFAC2026/images/experiment/nominal/error_y-eps-converted-to.pdf>] (/home/marcone/Dropbox/IFAC2026/IFAC_main.bbl [7 </home/marcone/Dropbox/IFAC2026/images/experiment/static_obstacles/1st_scenario_exp_bigger-eps-converted-to.pdf> </home/marcone/Dropbox/IFAC2026/images/experiment/static_obstacles/1st_scenario_exp_obs_swap_bigger-eps-converted-to.pdf> </home/marcone/Dropbox/IFAC2026/images/experiment/dynamic_obstacles/dynamicObst_exp_closeR2_bigger-eps-converted-to.pdf> </home/marcone/Dropbox/IFAC2026/images/experiment/dynamic_obstacles/dynamicObst_exp_closeR1_bigger-eps-converted-to.pdf>]
Underfull \hbox (badness 10000) in paragraph at lines 95--99
[]$\OT1/cmtt/m/n/10 https : / / gitlab . utc . fr / uav-[]hds / flair / flair-[]src$[]\OT1/cmr/m/n/10 .
 []

) [8

]
Package atveryend Info: Empty hook `BeforeClearDocument' on input line 1158.
Package atveryend Info: Empty hook `AfterLastShipout' on input line 1158.
 (/home/marcone/Dropbox/IFAC2026/IFAC_main.aux)
Package atveryend Info: Executing hook `AtVeryEndDocument' on input line 1158.
Package atveryend Info: Executing hook `AtEndAfterFileList' on input line 1158.
Package rerunfilecheck Info: File `IFAC_main.out' has not changed.
(rerunfilecheck)             Checksum: C6AEF2EEEC09A53071AA70C1F9C6C914;495.


LaTeX Font Warning: Size substitutions with differences
(Font)              up to 4.5pt have occurred.


LaTeX Warning: There were multiply-defined labels.

Package atveryend Info: Empty hook `AtVeryVeryEnd' on input line 1158.
 ) 
Here is how much of TeX's memory you used:
 11938 strings out of 481239
 219703 string characters out of 5920377
 477753 words of memory out of 5000000
 26892 multiletter control sequences out of 15000+600000
 550186 words of font info for 98 fonts, out of 8000000 for 9000
 1141 hyphenation exceptions out of 8191
 48i,21n,50p,406b,1256s stack positions out of 5000i,500n,10000p,200000b,80000s
</usr/share/texlive/texmf-dist/fonts/type1/public/amsfonts/cm/cmbx10.pfb></usr/share/texlive/texmf-dist/fonts/type1/public/amsfonts/cm/cmbx12.pfb></usr/share/texlive/texmf-dist/fonts/type1/public/amsfonts/cm/cmex10.pfb></usr/share/texlive/texmf-dist/fonts/type1/public/amsfonts/cm/cmmi10.pfb></usr/share/texlive/texmf-dist/fonts/type1/public/amsfonts/cm/cmmi5.pfb></usr/share/texlive/texmf-dist/fonts/type1/public/amsfonts/cm/cmmi6.pfb></usr/share/texlive/texmf-dist/fonts/type1/public/amsfonts/cm/cmmi7.pfb></usr/share/texlive/texmf-dist/fonts/type1/public/amsfonts/cm/cmmi8.pfb></usr/share/texlive/texmf-dist/fonts/type1/public/amsfonts/cm/cmmib10.pfb></usr/share/texlive/texmf-dist/fonts/type1/public/amsfonts/cmextra/cmmib6.pfb></usr/share/texlive/texmf-dist/fonts/type1/public/amsfonts/cmextra/cmmib8.pfb></usr/share/texlive/texmf-dist/fonts/type1/public/amsfonts/cm/cmr10.pfb></usr/share/texlive/texmf-dist/fonts/type1/public/amsfonts/cm/cmr5.pfb></usr/share/texlive/texmf-dist/fonts/type1/public/amsfonts/cm/cmr6.pfb></usr/share/texlive/texmf-dist/fonts/type1/public/amsfonts/cm/cmr7.pfb></usr/share/texlive/texmf-dist/fonts/type1/public/amsfonts/cm/cmr8.pfb></usr/share/texlive/texmf-dist/fonts/type1/public/amsfonts/cm/cmsy10.pfb></usr/share/texlive/texmf-dist/fonts/type1/public/amsfonts/cm/cmsy5.pfb></usr/share/texlive/texmf-dist/fonts/type1/public/amsfonts/cm/cmsy6.pfb></usr/share/texlive/texmf-dist/fonts/type1/public/amsfonts/cm/cmsy7.pfb></usr/share/texlive/texmf-dist/fonts/type1/public/amsfonts/cm/cmsy8.pfb></usr/share/texlive/texmf-dist/fonts/type1/public/amsfonts/cm/cmti10.pfb></usr/share/texlive/texmf-dist/fonts/type1/public/amsfonts/cm/cmtt10.pfb>
Output written on /home/marcone/Dropbox/IFAC2026/IFAC_main.pdf (8 pages, 3963573 bytes).
PDF statistics:
 458 PDF objects out of 1000 (max. 8388607)
 377 compressed objects within 4 object streams
 92 named destinations out of 1000 (max. 500000)
 189 words of extra memory for PDF output out of 10000 (max. 10000000)

